priority-word-first-pass	["Rebuild","Payment","Dashboard"]
term-limit-two-versus-three	["Api","Dashboard","Server"]
scan-direction-backwards-versus-forwards	["Sharpen","Rusty","Gnomish"]
stop-word-unique-to-inber	["Just","Fix","Widget"]
stop-word-unique-to-questgiver	["Matter"]
punctuation-trim-and-isalpha-guard	["Update","Oauth2","Handler."]
apostrophe-inside-a-word	["Don't","Break","Parser"]
apostrophe-possessive-at-word-end	["Restore","Claxon's","Ruined"]
no-qualifying-word-fallback-mystery	null
no-qualifying-word-fallback-comments	["Fix","It:","Comments.Js"]
no-qualifying-word-fallback-code	["It:","V2.Js"]
empty-input	null
single-word-under-the-length-floor	null
letters-beyond-ascii	["Résumé","Naïve","Façade"]
mixed-case-input-is-lowered-first	["Rebuild","Payment","Dashboard"]
hyphenated-word	["Audit","Code-Introspection","Layer"]
two-plain-words-the-extractors-agree-on	["Rusty","Spanner"]
shared-stop-word-the-extractors-agree-on	["Rusty","Spanner"]
words-of-exactly-three-letters	["Orb","Cog","Axe"]
