priority-word-first-pass	["Dashboard","Api"]
term-limit-two-versus-three	["Api","Dashboard"]
scan-direction-backwards-versus-forwards	["Gnomish","Spanner"]
stop-word-unique-to-inber	["Widget","Quickly"]
stop-word-unique-to-questgiver	["Theirs","Matter"]
punctuation-trim-and-isalpha-guard	["Handler"]
apostrophe-inside-a-word	["Break","Parser"]
apostrophe-possessive-at-word-end	["Ruined","Banner"]
no-qualifying-word-fallback-mystery	["Mystery"]
no-qualifying-word-fallback-comments	["Comments"]
no-qualifying-word-fallback-code	["Code"]
empty-input	["Mystery"]
single-word-under-the-length-floor	["Mystery"]
letters-beyond-ascii	["Naïve","Façade"]
mixed-case-input-is-lowered-first	["Dashboard"]
hyphenated-word	["Audit","Layer"]
two-plain-words-the-extractors-agree-on	["Rusty","Spanner"]
shared-stop-word-the-extractors-agree-on	["Rusty","Spanner"]
